###############################################################################
#                                                                             #
# IAR C/C++ Compiler V8.10.1.10194/W32 for 8051         21/Dec/2020  16:58:49 #
# Copyright 2004-2011 IAR Systems AB.                                         #
#                                                                             #
#    Core               =  plain                                              #
#    Code model         =  banked                                             #
#    Data model         =  large                                              #
#    Calling convention =  xdata reentrant                                    #
#    Constant location  =  data_rom                                           #
#    Dptr setup         =  1,16                                               #
#    Source file        =  D:\ZStack-CC2530-2.5.1a\Projects\zstack\Samples\De #
#                          sign\Source\IO\coordinator_io.c                    #
#    Command line       =  -f D:\ZStack-CC2530-2.5.1a\Projects\zstack\Samples #
#                          \Design\CC2530DB\..\..\..\Tools\CC2530DB\f8wCoord. #
#                          cfg (-DCPU32MHZ -DROOT=__near_func                 #
#                          -DMAC_CFG_APP_PENDING_QUEUE=TRUE                   #
#                          -DMAC_CFG_TX_DATA_MAX=5 -DMAC_CFG_TX_MAX=8         #
#                          -DMAC_CFG_RX_MAX=5 -DZDO_COORDINATOR -DRTR_NWK)    #
#                          -f D:\ZStack-CC2530-2.5.1a\Projects\zstack\Samples #
#                          \Design\CC2530DB\..\..\..\Tools\CC2530DB\f8wConfig #
#                          .cfg (-DZIGBEEPRO -DSECURE=0                       #
#                          -DZG_SECURE_DYNAMIC=0 -DREFLECTOR                  #
#                          -DDEFAULT_CHANLIST=0x00020000                      #
#                          -DZDAPP_CONFIG_PAN_ID=0x19 -DNWK_START_DELAY=100   #
#                          -DEXTENDED_JOINING_RANDOM_MASK=0x007F              #
#                          -DBEACON_REQUEST_DELAY=100                         #
#                          -DBEACON_REQ_DELAY_MASK=0x00FF                     #
#                          -DLINK_STATUS_JITTER_MASK=0x007F                   #
#                          -DROUTE_EXPIRY_TIME=30 -DAPSC_ACK_WAIT_DURATION_PO #
#                          LLED=3000 -DNWK_INDIRECT_MSG_TIMEOUT=7             #
#                          -DMAX_RREQ_ENTRIES=8 -DAPSC_MAX_FRAME_RETRIES=3    #
#                          -DNWK_MAX_DATA_RETRIES=2                           #
#                          -DMAX_POLL_FAILURE_RETRIES=2 -DMAX_BCAST=9         #
#                          -DAPS_MAX_GROUPS=16 -DMAX_RTG_ENTRIES=40           #
#                          -DNWK_MAX_BINDING_ENTRIES=4                        #
#                          -DMAX_BINDING_CLUSTER_IDS=4 "-DDEFAULT_KEY={0x01,  #
#                          0x03, 0x05, 0x07, 0x09, 0x0B, 0x0D, 0x0F, 0x00,    #
#                          0x02, 0x04, 0x06, 0x08, 0x0A, 0x0C, 0x0D}"         #
#                          -DMAC_MAX_FRAME_SIZE=116                           #
#                          -DZDNWKMGR_MIN_TRANSMISSIONS=20 "-DCONST=const     #
#                          __code" -DGENERIC=__generic                        #
#                          -DRFD_RCVC_ALWAYS_ON=FALSE -DPOLL_RATE=1000        #
#                          -DQUEUED_POLL_RATE=100 -DRESPONSE_POLL_RATE=100)   #
#                          -DREJOIN_POLL_RATE=440 D:\ZStack-CC2530-2.5.1a\Pro #
#                          jects\zstack\Samples\Design\Source\IO\coordinator_ #
#                          io.c -D ZTOOL_P1 -D xMT_TASK -D xMT_SYS_FUNC -D    #
#                          xMT_ZDO_FUNC -D xLCD_SUPPORTED=DEBUG -lC           #
#                          D:\ZStack-CC2530-2.5.1a\Projects\zstack\Samples\De #
#                          sign\CC2530DB\CoordinatorEB\List\ -lA              #
#                          D:\ZStack-CC2530-2.5.1a\Projects\zstack\Samples\De #
#                          sign\CC2530DB\CoordinatorEB\List\ --diag_suppress  #
#                          Pe001,Pa010 -o D:\ZStack-CC2530-2.5.1a\Projects\zs #
#                          tack\Samples\Design\CC2530DB\CoordinatorEB\Obj\    #
#                          -e --no_code_motion --debug --core=plain           #
#                          --dptr=16,1 --data_model=large                     #
#                          --code_model=banked --calling_convention=xdata_ree #
#                          ntrant --place_constants=data_rom                  #
#                          --nr_virtual_regs 16 -I D:\ZStack-CC2530-2.5.1a\Pr #
#                          ojects\zstack\Samples\Design\CC2530DB\ -I          #
#                          D:\ZStack-CC2530-2.5.1a\Projects\zstack\Samples\De #
#                          sign\CC2530DB\..\Source\ -I                        #
#                          D:\ZStack-CC2530-2.5.1a\Projects\zstack\Samples\De #
#                          sign\CC2530DB\..\Source\IO\ -I                     #
#                          D:\ZStack-CC2530-2.5.1a\Projects\zstack\Samples\De #
#                          sign\CC2530DB\..\..\..\ZMain\TI2530DB\ -I          #
#                          D:\ZStack-CC2530-2.5.1a\Projects\zstack\Samples\De #
#                          sign\CC2530DB\..\..\..\..\..\Components\hal\includ #
#                          e\ -I D:\ZStack-CC2530-2.5.1a\Projects\zstack\Samp #
#                          les\Design\CC2530DB\..\..\..\..\..\Components\hal\ #
#                          target\CC2530EB\ -I D:\ZStack-CC2530-2.5.1a\Projec #
#                          ts\zstack\Samples\Design\CC2530DB\..\..\..\..\..\C #
#                          omponents\mac\include\ -I                          #
#                          D:\ZStack-CC2530-2.5.1a\Projects\zstack\Samples\De #
#                          sign\CC2530DB\..\..\..\..\..\Components\mac\high_l #
#                          evel\ -I D:\ZStack-CC2530-2.5.1a\Projects\zstack\S #
#                          amples\Design\CC2530DB\..\..\..\..\..\Components\m #
#                          ac\low_level\srf04\ -I D:\ZStack-CC2530-2.5.1a\Pro #
#                          jects\zstack\Samples\Design\CC2530DB\..\..\..\..\. #
#                          .\Components\mac\low_level\srf04\single_chip\ -I   #
#                          D:\ZStack-CC2530-2.5.1a\Projects\zstack\Samples\De #
#                          sign\CC2530DB\..\..\..\..\..\Components\mt\ -I     #
#                          D:\ZStack-CC2530-2.5.1a\Projects\zstack\Samples\De #
#                          sign\CC2530DB\..\..\..\..\..\Components\osal\inclu #
#                          de\ -I D:\ZStack-CC2530-2.5.1a\Projects\zstack\Sam #
#                          ples\Design\CC2530DB\..\..\..\..\..\Components\ser #
#                          vices\saddr\ -I D:\ZStack-CC2530-2.5.1a\Projects\z #
#                          stack\Samples\Design\CC2530DB\..\..\..\..\..\Compo #
#                          nents\services\sdata\ -I                           #
#                          D:\ZStack-CC2530-2.5.1a\Projects\zstack\Samples\De #
#                          sign\CC2530DB\..\..\..\..\..\Components\stack\af\  #
#                          -I D:\ZStack-CC2530-2.5.1a\Projects\zstack\Samples #
#                          \Design\CC2530DB\..\..\..\..\..\Components\stack\n #
#                          wk\ -I D:\ZStack-CC2530-2.5.1a\Projects\zstack\Sam #
#                          ples\Design\CC2530DB\..\..\..\..\..\Components\sta #
#                          ck\sapi\ -I D:\ZStack-CC2530-2.5.1a\Projects\zstac #
#                          k\Samples\Design\CC2530DB\..\..\..\..\..\Component #
#                          s\stack\sec\ -I D:\ZStack-CC2530-2.5.1a\Projects\z #
#                          stack\Samples\Design\CC2530DB\..\..\..\..\..\Compo #
#                          nents\stack\sys\ -I D:\ZStack-CC2530-2.5.1a\Projec #
#                          ts\zstack\Samples\Design\CC2530DB\..\..\..\..\..\C #
#                          omponents\stack\zdo\ -I D:\ZStack-CC2530-2.5.1a\Pr #
#                          ojects\zstack\Samples\Design\CC2530DB\..\..\..\..\ #
#                          ..\Components\zmac\ -I D:\ZStack-CC2530-2.5.1a\Pro #
#                          jects\zstack\Samples\Design\CC2530DB\..\..\..\..\. #
#                          .\Components\zmac\f8w\ -Ohz --require_prototypes   #
#    List file          =  D:\ZStack-CC2530-2.5.1a\Projects\zstack\Samples\De #
#                          sign\CC2530DB\CoordinatorEB\List\coordinator_io.ls #
#                          t                                                  #
#    Object file        =  D:\ZStack-CC2530-2.5.1a\Projects\zstack\Samples\De #
#                          sign\CC2530DB\CoordinatorEB\Obj\coordinator_io.r51 #
#                                                                             #
#                                                                             #
###############################################################################

D:\ZStack-CC2530-2.5.1a\Projects\zstack\Samples\Design\Source\IO\coordinator_io.c
      1          #include <ioCC2530.h>

   \                                 In  segment SFR_AN, at 0x90
   \   union <unnamed> volatile __sfr _A_P1
   \                     _A_P1:
   \   000000                DS 1
      2          #include "OnBoard.h"
      3          
      4          #define LED P1_1
      5          
      6          void SENSIO_Init(void);
      7          void LIGHT_ON(void);
      8          void LIGHT_OFF(void);
      9          unsigned int LIGHT_STATE(void);
     10          
     11          void Delay_us(void);
     12          void Delay_10us(void);
     13          void Delay_ms(unsigned int Time);

   \                                 In  segment BANKED_CODE, align 1, keep-with-next
     14          void LIGHT_ON(void)
   \                     LIGHT_ON:
     15          {
   \   000000                ; Saved register size: 0
   \   000000                ; Auto size: 0
     16              LED = 1;
   \   000000   D291         SETB    0x90.1
     17          }
   \   000002   02....       LJMP    ?BRET
   \   000005                REQUIRE _A_P1

   \                                 In  segment BANKED_CODE, align 1, keep-with-next
     18          void LIGHT_OFF(void)
   \                     LIGHT_OFF:
     19          {
   \   000000                ; Saved register size: 0
   \   000000                ; Auto size: 0
     20              LED = 0;
   \   000000   C291         CLR     0x90.1
     21          }
   \   000002   02....       LJMP    ?BRET
   \   000005                REQUIRE _A_P1

   \                                 In  segment BANKED_CODE, align 1, keep-with-next
     22          unsigned int LIGHT_STATE(void)
   \                     LIGHT_STATE:
     23          {
   \   000000                ; Saved register size: 0
   \   000000                ; Auto size: 0
     24              return !LED;
   \   000000   D2F0         SETB    B.0
   \   000002   A291         MOV     C,0x90.1
   \   000004   30F001       JNB     B.0,??LIGHT_STATE_0
   \   000007   B3           CPL     C
   \                     ??LIGHT_STATE_0:
   \   000008   E4           CLR     A
   \   000009   33           RLC     A
   \   00000A   FA           MOV     R2,A
   \   00000B   7B00         MOV     R3,#0x0
   \   00000D   02....       LJMP    ?BRET
   \   000010                REQUIRE _A_P1
     25          }
     26          

   \                                 In  segment BANKED_CODE, align 1, keep-with-next
     27          void Delay_us(void) //1 us延时
   \                     Delay_us:
     28          {
   \   000000   C082         PUSH    DPL
   \   000002   C083         PUSH    DPH
   \   000004                ; Saved register size: 2
   \   000004                ; Auto size: 0
     29              MicroWait(1);
   \   000004                ; Setup parameters for call to function Onboard_wait
   \   000004   7A01         MOV     R2,#0x1
   \   000006                REQUIRE ?Subroutine0
   \   000006                ; // Fall through to label ?Subroutine0
     30          }

   \                                 In  segment BANKED_CODE, align 1, keep-with-next
   \                     ?Subroutine0:
   \   000000   7B00         MOV     R3,#0x0
   \   000002   12....       LCALL   ??Onboard_wait?relay
   \   000005   D083         POP     DPH
   \   000007   D082         POP     DPL
   \   000009   02....       LJMP    ?BRET
     31          

   \                                 In  segment BANKED_CODE, align 1, keep-with-next
     32          void Delay_10us(void) //10 us延时
   \                     Delay_10us:
     33          {
   \   000000   C082         PUSH    DPL
   \   000002   C083         PUSH    DPH
   \   000004                ; Saved register size: 2
   \   000004                ; Auto size: 0
     34              MicroWait(12);
   \   000004                ; Setup parameters for call to function Onboard_wait
   \   000004   7A0C         MOV     R2,#0xc
   \   000006   80..         SJMP    ?Subroutine0
     35          }
     36          

   \                                 In  segment BANKED_CODE, align 1, keep-with-next
     37          void Delay_ms(unsigned int Time) //n ms延时
   \                     Delay_ms:
     38          {
   \   000000   74F7         MOV     A,#-0x9
   \   000002   12....       LCALL   ?BANKED_ENTER_XDATA
   \   000005                ; Saved register size: 9
   \   000005                ; Auto size: 0
   \   000005   EA           MOV     A,R2
   \   000006   FE           MOV     R6,A
   \   000007   EB           MOV     A,R3
   \   000008   FF           MOV     R7,A
     39              unsigned char i;
     40              while (Time--)
   \                     ??Delay_ms_0:
   \   000009   EE           MOV     A,R6
   \   00000A   F8           MOV     R0,A
   \   00000B   EF           MOV     A,R7
   \   00000C   F9           MOV     R1,A
   \   00000D   E8           MOV     A,R0
   \   00000E   24FF         ADD     A,#-0x1
   \   000010   1E           DEC     R6
   \   000011   E9           MOV     A,R1
   \   000012   34FF         ADDC    A,#-0x1
   \   000014   FF           MOV     R7,A
   \   000015   E8           MOV     A,R0
   \   000016   49           ORL     A,R1
   \   000017   6012         JZ      ??Delay_ms_1
     41              {
     42                  for (i = 0; i < 100; i++)
   \   000019   75..64       MOV     ?V0 + 0,#0x64
     43                      Delay_10us();
   \                     ??Delay_ms_2:
   \   00001C                ; Setup parameters for call to function Onboard_wait
   \   00001C   7A0C         MOV     R2,#0xc
   \   00001E   7B00         MOV     R3,#0x0
   \   000020   12....       LCALL   ??Onboard_wait?relay
   \   000023   15..         DEC     ?V0 + 0
   \   000025   E5..         MOV     A,?V0 + 0
   \   000027   60E0         JZ      ??Delay_ms_0
   \   000029   80F1         SJMP    ??Delay_ms_2
     44              }
     45          }
   \                     ??Delay_ms_1:
   \   00002B   7F01         MOV     R7,#0x1
   \   00002D   02....       LJMP    ?BANKED_LEAVE_XDATA

   \                                 In  segment BANK_RELAYS, align 1
   \                     ??LIGHT_ON?relay:
   \   000000   12....       LCALL   ?BDISPATCH
   \   000003   ......       DC24    LIGHT_ON

   \                                 In  segment BANK_RELAYS, align 1
   \                     ??LIGHT_OFF?relay:
   \   000000   12....       LCALL   ?BDISPATCH
   \   000003   ......       DC24    LIGHT_OFF

   \                                 In  segment BANK_RELAYS, align 1
   \                     ??LIGHT_STATE?relay:
   \   000000   12....       LCALL   ?BDISPATCH
   \   000003   ......       DC24    LIGHT_STATE

   \                                 In  segment BANK_RELAYS, align 1
   \                     ??Delay_us?relay:
   \   000000   12....       LCALL   ?BDISPATCH
   \   000003   ......       DC24    Delay_us

   \                                 In  segment BANK_RELAYS, align 1
   \                     ??Delay_10us?relay:
   \   000000   12....       LCALL   ?BDISPATCH
   \   000003   ......       DC24    Delay_10us

   \                                 In  segment BANK_RELAYS, align 1
   \                     ??Delay_ms?relay:
   \   000000   12....       LCALL   ?BDISPATCH
   \   000003   ......       DC24    Delay_ms

   Maximum stack usage in bytes:

     Function          ISTACK PSTACK XSTACK
     --------          ------ ------ ------
     Delay_10us            2      0      0
       -> Onboard_wait     4      0      0
     Delay_ms              0      0      9
       -> Onboard_wait     0      0     18
     Delay_us              2      0      0
       -> Onboard_wait     4      0      0
     LIGHT_OFF             0      0      0
     LIGHT_ON              0      0      0
     LIGHT_STATE           0      0      0


   Segment part sizes:

     Function/Label      Bytes
     --------------      -----
     _A_P1                  1
     LIGHT_ON               5
     LIGHT_OFF              5
     LIGHT_STATE           16
     Delay_us               6
     ?Subroutine0          12
     Delay_10us             8
     Delay_ms              48
     ??LIGHT_ON?relay       6
     ??LIGHT_OFF?relay      6
     ??LIGHT_STATE?relay    6
     ??Delay_us?relay       6
     ??Delay_10us?relay     6
     ??Delay_ms?relay       6

 
 100 bytes in segment BANKED_CODE
  36 bytes in segment BANK_RELAYS
   1 byte  in segment SFR_AN
 
 136 bytes of CODE memory
   0 bytes of DATA memory (+ 1 byte shared)

Errors: none
Warnings: none
