###############################################################################
#                                                                             #
# IAR C/C++ Compiler V8.10.1.10194/W32 for 8051         20/Dec/2020  11:58:48 #
# Copyright 2004-2011 IAR Systems AB.                                         #
#                                                                             #
#    Core               =  plain                                              #
#    Code model         =  banked                                             #
#    Data model         =  large                                              #
#    Calling convention =  xdata reentrant                                    #
#    Constant location  =  data_rom                                           #
#    Dptr setup         =  1,16                                               #
#    Source file        =  D:\ZStack-CC2530-2.5.1a\Projects\zstack\Samples\De #
#                          sign\Source\IO\mq2.c                               #
#    Command line       =  -f D:\ZStack-CC2530-2.5.1a\Projects\zstack\Samples #
#                          \Design\CC2530DB\..\..\..\Tools\CC2530DB\f8wCoord. #
#                          cfg (-DCPU32MHZ -DROOT=__near_func                 #
#                          -DMAC_CFG_APP_PENDING_QUEUE=TRUE                   #
#                          -DMAC_CFG_TX_DATA_MAX=5 -DMAC_CFG_TX_MAX=8         #
#                          -DMAC_CFG_RX_MAX=5 -DZDO_COORDINATOR -DRTR_NWK)    #
#                          -f D:\ZStack-CC2530-2.5.1a\Projects\zstack\Samples #
#                          \Design\CC2530DB\..\..\..\Tools\CC2530DB\f8wConfig #
#                          .cfg (-DZIGBEEPRO -DSECURE=0                       #
#                          -DZG_SECURE_DYNAMIC=0 -DREFLECTOR                  #
#                          -DDEFAULT_CHANLIST=0x00080000                      #
#                          -DZDAPP_CONFIG_PAN_ID=0x38 -DNWK_START_DELAY=100   #
#                          -DEXTENDED_JOINING_RANDOM_MASK=0x007F              #
#                          -DBEACON_REQUEST_DELAY=100                         #
#                          -DBEACON_REQ_DELAY_MASK=0x00FF                     #
#                          -DLINK_STATUS_JITTER_MASK=0x007F                   #
#                          -DROUTE_EXPIRY_TIME=30 -DAPSC_ACK_WAIT_DURATION_PO #
#                          LLED=3000 -DNWK_INDIRECT_MSG_TIMEOUT=7             #
#                          -DMAX_RREQ_ENTRIES=8 -DAPSC_MAX_FRAME_RETRIES=3    #
#                          -DNWK_MAX_DATA_RETRIES=2                           #
#                          -DMAX_POLL_FAILURE_RETRIES=2 -DMAX_BCAST=9         #
#                          -DAPS_MAX_GROUPS=16 -DMAX_RTG_ENTRIES=40           #
#                          -DNWK_MAX_BINDING_ENTRIES=4                        #
#                          -DMAX_BINDING_CLUSTER_IDS=4 "-DDEFAULT_KEY={0x01,  #
#                          0x03, 0x05, 0x07, 0x09, 0x0B, 0x0D, 0x0F, 0x00,    #
#                          0x02, 0x04, 0x06, 0x08, 0x0A, 0x0C, 0x0D}"         #
#                          -DMAC_MAX_FRAME_SIZE=116                           #
#                          -DZDNWKMGR_MIN_TRANSMISSIONS=20 "-DCONST=const     #
#                          __code" -DGENERIC=__generic                        #
#                          -DRFD_RCVC_ALWAYS_ON=FALSE -DPOLL_RATE=1000        #
#                          -DQUEUED_POLL_RATE=100 -DRESPONSE_POLL_RATE=100)   #
#                          -DREJOIN_POLL_RATE=440 D:\ZStack-CC2530-2.5.1a\Pro #
#                          jects\zstack\Samples\Design\Source\IO\mq2.c -D     #
#                          ZTOOL_P1 -D xMT_TASK -D xMT_SYS_FUNC -D            #
#                          xMT_ZDO_FUNC -D xLCD_SUPPORTED=DEBUG -lC           #
#                          D:\ZStack-CC2530-2.5.1a\Projects\zstack\Samples\De #
#                          sign\CC2530DB\CoordinatorEB\List\ -lA              #
#                          D:\ZStack-CC2530-2.5.1a\Projects\zstack\Samples\De #
#                          sign\CC2530DB\CoordinatorEB\List\ --diag_suppress  #
#                          Pe001,Pa010 -o D:\ZStack-CC2530-2.5.1a\Projects\zs #
#                          tack\Samples\Design\CC2530DB\CoordinatorEB\Obj\    #
#                          -e --no_code_motion --debug --core=plain           #
#                          --dptr=16,1 --data_model=large                     #
#                          --code_model=banked --calling_convention=xdata_ree #
#                          ntrant --place_constants=data_rom                  #
#                          --nr_virtual_regs 16 -I D:\ZStack-CC2530-2.5.1a\Pr #
#                          ojects\zstack\Samples\Design\CC2530DB\ -I          #
#                          D:\ZStack-CC2530-2.5.1a\Projects\zstack\Samples\De #
#                          sign\CC2530DB\..\Source\ -I                        #
#                          D:\ZStack-CC2530-2.5.1a\Projects\zstack\Samples\De #
#                          sign\CC2530DB\..\..\..\ZMain\TI2530DB\ -I          #
#                          D:\ZStack-CC2530-2.5.1a\Projects\zstack\Samples\De #
#                          sign\CC2530DB\..\..\..\..\..\Components\hal\includ #
#                          e\ -I D:\ZStack-CC2530-2.5.1a\Projects\zstack\Samp #
#                          les\Design\CC2530DB\..\..\..\..\..\Components\hal\ #
#                          target\CC2530EB\ -I D:\ZStack-CC2530-2.5.1a\Projec #
#                          ts\zstack\Samples\Design\CC2530DB\..\..\..\..\..\C #
#                          omponents\mac\include\ -I                          #
#                          D:\ZStack-CC2530-2.5.1a\Projects\zstack\Samples\De #
#                          sign\CC2530DB\..\..\..\..\..\Components\mac\high_l #
#                          evel\ -I D:\ZStack-CC2530-2.5.1a\Projects\zstack\S #
#                          amples\Design\CC2530DB\..\..\..\..\..\Components\m #
#                          ac\low_level\srf04\ -I D:\ZStack-CC2530-2.5.1a\Pro #
#                          jects\zstack\Samples\Design\CC2530DB\..\..\..\..\. #
#                          .\Components\mac\low_level\srf04\single_chip\ -I   #
#                          D:\ZStack-CC2530-2.5.1a\Projects\zstack\Samples\De #
#                          sign\CC2530DB\..\..\..\..\..\Components\mt\ -I     #
#                          D:\ZStack-CC2530-2.5.1a\Projects\zstack\Samples\De #
#                          sign\CC2530DB\..\..\..\..\..\Components\osal\inclu #
#                          de\ -I D:\ZStack-CC2530-2.5.1a\Projects\zstack\Sam #
#                          ples\Design\CC2530DB\..\..\..\..\..\Components\ser #
#                          vices\saddr\ -I D:\ZStack-CC2530-2.5.1a\Projects\z #
#                          stack\Samples\Design\CC2530DB\..\..\..\..\..\Compo #
#                          nents\services\sdata\ -I                           #
#                          D:\ZStack-CC2530-2.5.1a\Projects\zstack\Samples\De #
#                          sign\CC2530DB\..\..\..\..\..\Components\stack\af\  #
#                          -I D:\ZStack-CC2530-2.5.1a\Projects\zstack\Samples #
#                          \Design\CC2530DB\..\..\..\..\..\Components\stack\n #
#                          wk\ -I D:\ZStack-CC2530-2.5.1a\Projects\zstack\Sam #
#                          ples\Design\CC2530DB\..\..\..\..\..\Components\sta #
#                          ck\sapi\ -I D:\ZStack-CC2530-2.5.1a\Projects\zstac #
#                          k\Samples\Design\CC2530DB\..\..\..\..\..\Component #
#                          s\stack\sec\ -I D:\ZStack-CC2530-2.5.1a\Projects\z #
#                          stack\Samples\Design\CC2530DB\..\..\..\..\..\Compo #
#                          nents\stack\sys\ -I D:\ZStack-CC2530-2.5.1a\Projec #
#                          ts\zstack\Samples\Design\CC2530DB\..\..\..\..\..\C #
#                          omponents\stack\zdo\ -I D:\ZStack-CC2530-2.5.1a\Pr #
#                          ojects\zstack\Samples\Design\CC2530DB\..\..\..\..\ #
#                          ..\Components\zmac\ -I D:\ZStack-CC2530-2.5.1a\Pro #
#                          jects\zstack\Samples\Design\CC2530DB\..\..\..\..\. #
#                          .\Components\zmac\f8w\ -Ohz --require_prototypes   #
#    List file          =  D:\ZStack-CC2530-2.5.1a\Projects\zstack\Samples\De #
#                          sign\CC2530DB\CoordinatorEB\List\mq2.lst           #
#    Object file        =  D:\ZStack-CC2530-2.5.1a\Projects\zstack\Samples\De #
#                          sign\CC2530DB\CoordinatorEB\Obj\mq2.r51            #
#                                                                             #
#                                                                             #
###############################################################################

D:\ZStack-CC2530-2.5.1a\Projects\zstack\Samples\Design\Source\IO\mq2.c
      1          #include "ioCC2530.h"

   \                                 In  segment SFR_AN, at 0xb4
   \   unsigned char volatile __sfr ADCCON1
   \                     ADCCON1:
   \   000000                DS 1

   \                                 In  segment SFR_AN, at 0xb6
   \   unsigned char volatile __sfr ADCCON3
   \                     ADCCON3:
   \   000000                DS 1

   \                                 In  segment SFR_AN, at 0xba
   \   unsigned char volatile __sfr ADCL
   \                     ADCL:
   \   000000                DS 1

   \                                 In  segment SFR_AN, at 0xbb
   \   unsigned char volatile __sfr ADCH
   \                     ADCH:
   \   000000                DS 1

   \                                 In  segment SFR_AN, at 0xf2
   \   unsigned char volatile __sfr ADCCFG
   \                     ADCCFG:
   \   000000                DS 1
      2          typedef unsigned short uint16;
      3          uint16 ReadGasData(void);
      4          

   \                                 In  segment BANKED_CODE, align 1, keep-with-next
      5          uint16 ReadGasData(void)
   \                     ReadGasData:
      6          {
   \   000000   C0..         PUSH    ?V0 + 0
   \   000002   C0..         PUSH    ?V0 + 1
   \   000004                ; Saved register size: 2
   \   000004                ; Auto size: 0
      7              uint16 reading = 0;
      8              /* Enable channel */
      9              ADCCFG |= 0x40;
   \   000004   43F240       ORL     0xf2,#0x40
     10              /* writing to this register starts the extra conversion */
     11              ADCCON3 = 0x86; // P0_6 ADDC5： 64 抽取率(7 位ENOB)  0110： AIN6
   \   000007   75B686       MOV     0xb6,#-0x7a
     12              /* Wait for the conversion to be done */
     13              while (!(ADCCON1 & 0x80))
   \                     ??ReadGasData_0:
   \   00000A   E5B4         MOV     A,0xb4
   \   00000C   A2E7         MOV     C,0xE0 /* A   */.7
   \   00000E   50FA         JNC     ??ReadGasData_0
     14                  ;
     15              /* Disable channel after done conversion */
     16              ADCCFG &= (0x40 ^ 0xFF); //按位异或。如1010^1111=0101（二进制）
   \   000010   53F2BF       ANL     0xf2,#0xbf
     17              /* Read the result */
     18              reading = ADCL;
   \   000013   E5BA         MOV     A,0xba
   \   000015   F5..         MOV     ?V0 + 0,A
     19              reading |= (int)(ADCH << 8);
     20              reading >>= 6;
     21              return (reading);
   \   000017   E5BB         MOV     A,0xbb
   \   000019   F5..         MOV     ?V0 + 1,A
   \   00001B   7406         MOV     A,#0x6
   \   00001D   78..         MOV     R0,#?V0 + 0
   \   00001F   12....       LCALL   ?US_SHR
   \   000022   AA..         MOV     R2,?V0 + 0
   \   000024   AB..         MOV     R3,?V0 + 1
   \   000026   D0..         POP     ?V0 + 1
   \   000028   D0..         POP     ?V0 + 0
   \   00002A   02....       LJMP    ?BRET
   \   00002D                REQUIRE ADCCFG
   \   00002D                REQUIRE ADCCON3
   \   00002D                REQUIRE ADCCON1
   \   00002D                REQUIRE ADCL
   \   00002D                REQUIRE ADCH
     22          }

   \                                 In  segment BANK_RELAYS, align 1
   \                     ??ReadGasData?relay:
   \   000000   12....       LCALL   ?BDISPATCH
   \   000003   ......       DC24    ReadGasData

   Maximum stack usage in bytes:

     Function    ISTACK PSTACK XSTACK
     --------    ------ ------ ------
     ReadGasData     2      0      0


   Segment part sizes:

     Function/Label      Bytes
     --------------      -----
     ADCCON1                1
     ADCCON3                1
     ADCL                   1
     ADCH                   1
     ADCCFG                 1
     ReadGasData           45
     ??ReadGasData?relay    6

 
 45 bytes in segment BANKED_CODE
  6 bytes in segment BANK_RELAYS
  5 bytes in segment SFR_AN
 
 51 bytes of CODE memory
  0 bytes of DATA memory (+ 5 bytes shared)

Errors: none
Warnings: none
